


ARM Macro Assembler    Page 1 


    1 00000000         
    2 00000000         ;r0 addr vect
    3 00000000         ;r1 N
    4 00000000         ;r2 dest vett
    5 00000000                 AREA             data,DATA,READWRITE
    6 00000000 0000000C 
                       N       EQU              12
    7 00000000 00 00 00 
              00 00 00 
              00 00 00 
              00 00 00 
              00 00 00 
              00 00 00 
              00 00 00 
              00 00 00 
              00 00 00 
              00 00 00 
              00 00 00 
              00 00 00 
              00 00 00 
              00 00 00 
              00 00 00 
              00 00 00 tempvect
                               SPACE            4*N
    8 00000030         ;resultvect SPACE 4*N
    9 00000030         
   10 00000030                 AREA             sort,CODE,READONLY
   11 00000000         sortfunct
                               PROC
   12 00000000                 EXPORT           sortfunct
   13 00000000 E92D 4DF0       push{r4-r8,r10-r11,lr}
   14 00000004 460C            mov              r4,r1
   15 00000006 F04F 0600       mov              r6,#0
   16 0000000A 4F16            ldr              r7,=tempvect
   17 0000000C         ;ldr r8,=resultvect
   18 0000000C 4690            mov              r8,r2
   19 0000000E         loop1
   20 0000000E F850 5026       ldr              r5,[r0,r6,lsl #2]
   21 00000012 F847 5026       str              r5,[r7,r6,lsl #2]
   22 00000016 F106 0601       add              r6,r6,#1
   23 0000001A F114 34FF       adds             r4,r4,#-1
   24 0000001E D1F6            bne              loop1
   25 00000020         
   26 00000020         ;r4 index for loop
   27 00000020         ;r6 index for vector final
   28 00000020 460C            mov              r4,r1
   29 00000022 F04F 0600       mov              r6,#0
   30 00000026         loop2
   31 00000026         ;r9 index for vector temp
   32 00000026         ;r10 index for loop2
   33 00000026         ;r0 index max
   34 00000026         ;r1 value max
   35 00000026         ;r5 current value
   36 00000026         ;r7 temp vect
   37 00000026         ;r8 final vect
   38 00000026 F04F 0900       mov              r9,#0
   39 0000002A 468A            mov              r10,r1
   40 0000002C F04F 30FF       mov              r0,#-1
   41 00000030 F04F 4C00       mov              r12,#0x80000000



ARM Macro Assembler    Page 2 


   42 00000034         ; CRESC 0x7FFFFFFF
   43 00000034         loop3
   44 00000034 F857 5029       ldr              r5,[r7,r9,lsl #2]
   45 00000038 45AC            cmp              r12,r5
   46 0000003A         ;cresc gt
   47 0000003A BFBC 46AC       movlt            r12,r5
   48 0000003E 4648            movlt            r0,r9
   49 00000040 F109 0901       add              r9,r9,#1
   50 00000044 F11A 3AFF       adds             r10,r10,#-1
   51 00000048 D1F4            bne              loop3
   52 0000004A         
   53 0000004A F848 C026       str              r12,[r8,r6,lsl #2]
   54 0000004E F04F 4C00       mov              r12,#0x80000000
   55 00000052         ; CRESC 0x7FFFFFFF
   56 00000052 F847 C020       str              r12,[r7,r0,lsl #2]
   57 00000056         
   58 00000056 F106 0601       add              r6,r6,#1
   59 0000005A F114 34FF       adds             r4,r4,#-1
   60 0000005E D1E2            bne              loop2
   61 00000060         
   62 00000060         
   63 00000060 E8BD 8DF0       pop{r4-r8,r10-r11,pc}
   64 00000064                 ENDP
   65 00000064         
   66 00000064                 END
              00000000 
Command Line: --debug --xref --diag_suppress=9931 --cpu=Cortex-M3 --apcs=interw
ork --depend=.\sortfunction.d -o.\sortfunction.o -I.\RTE\_Target_1 -IC:\Keil_v5
\ARM\PACK\ARM\CMSIS\5.8.0\CMSIS\Core\Include -IC:\Keil_v5\ARM\PACK\Keil\LPC1700
_DFP\2.7.1\Device\Include --predefine="__EVAL SETA 1" --predefine="__UVISION_VE
RSION SETA 536" --predefine="_RTE_ SETA 1" --predefine="LPC175x_6x SETA 1" --pr
edefine="_RTE_ SETA 1" --list=.\sortfunction.lst sortFunction.s



ARM Macro Assembler    Page 1 Alphabetic symbol ordering
Relocatable symbols

data 00000000

Symbol: data
   Definitions
      At line 5 in file sortFunction.s
   Uses
      None
Comment: data unused
tempvect 00000000

Symbol: tempvect
   Definitions
      At line 7 in file sortFunction.s
   Uses
      At line 16 in file sortFunction.s
Comment: tempvect used once
2 symbols



ARM Macro Assembler    Page 1 Alphabetic symbol ordering
Relocatable symbols

loop1 0000000E

Symbol: loop1
   Definitions
      At line 19 in file sortFunction.s
   Uses
      At line 24 in file sortFunction.s
Comment: loop1 used once
loop2 00000026

Symbol: loop2
   Definitions
      At line 30 in file sortFunction.s
   Uses
      At line 60 in file sortFunction.s
Comment: loop2 used once
loop3 00000034

Symbol: loop3
   Definitions
      At line 43 in file sortFunction.s
   Uses
      At line 51 in file sortFunction.s
Comment: loop3 used once
sort 00000000

Symbol: sort
   Definitions
      At line 10 in file sortFunction.s
   Uses
      None
Comment: sort unused
sortfunct 00000000

Symbol: sortfunct
   Definitions
      At line 11 in file sortFunction.s
   Uses
      At line 12 in file sortFunction.s
Comment: sortfunct used once
5 symbols



ARM Macro Assembler    Page 1 Alphabetic symbol ordering
Absolute symbols

N 0000000C

Symbol: N
   Definitions
      At line 6 in file sortFunction.s
   Uses
      At line 7 in file sortFunction.s
Comment: N used once
1 symbol
344 symbols in table
